kotlin version: 2.0.21
error message: org.jetbrains.kotlin.util.KotlinFrontEndException: Exception while analyzing expression in (120,25) in F:/NewPractice_Jetpack_Compose/app/src/main/java/com/example/newpractice_jetpack_compose/Ble/BleClientManager.kt
	at org.jetbrains.kotlin.types.expressions.ExpressionTypingVisitorDispatcher.logOrThrowException(ExpressionTypingVisitorDispatcher.java:261)
	at org.jetbrains.kotlin.types.expressions.ExpressionTypingVisitorDispatcher.lambda$getTypeInfo$0(ExpressionTypingVisitorDispatcher.java:225)
	at org.jetbrains.kotlin.util.PerformanceCounter.time(PerformanceCounter.kt:90)
	at org.jetbrains.kotlin.types.expressions.ExpressionTypingVisitorDispatcher.getTypeInfo(ExpressionTypingVisitorDispatcher.java:164)
	at org.jetbrains.kotlin.types.expressions.ExpressionTypingVisitorDispatcher.getTypeInfo(ExpressionTypingVisitorDispatcher.java:147)
	at org.jetbrains.kotlin.types.expressions.ExpressionTypingServices.getTypeOfLastExpressionInBlock(ExpressionTypingServices.java:443)
	at org.jetbrains.kotlin.types.expressions.ExpressionTypingServices.getBlockReturnedTypeWithWritableScope(ExpressionTypingServices.java:328)
	at org.jetbrains.kotlin.types.expressions.ExpressionTypingServices.getBlockReturnedType(ExpressionTypingServices.java:207)
	at org.jetbrains.kotlin.types.expressions.ExpressionTypingServices.getBlockReturnedType(ExpressionTypingServices.java:184)
	at org.jetbrains.kotlin.types.expressions.BasicExpressionTypingVisitor.visitBlockExpression(BasicExpressionTypingVisitor.java:668)
	at org.jetbrains.kotlin.types.expressions.ExpressionTypingVisitorDispatcher.visitBlockExpression(ExpressionTypingVisitorDispatcher.java:371)
	at org.jetbrains.kotlin.types.expressions.ExpressionTypingVisitorDispatcher$ForDeclarations.visitBlockExpression(ExpressionTypingVisitorDispatcher.java:46)
	at org.jetbrains.kotlin.psi.KtBlockExpression.accept(KtBlockExpression.java:78)
	at org.jetbrains.kotlin.types.expressions.ExpressionTypingVisitorDispatcher.lambda$getTypeInfo$0(ExpressionTypingVisitorDispatcher.java:175)
	at org.jetbrains.kotlin.util.PerformanceCounter.time(PerformanceCounter.kt:90)
	at org.jetbrains.kotlin.types.expressions.ExpressionTypingVisitorDispatcher.getTypeInfo(ExpressionTypingVisitorDispatcher.java:164)
	at org.jetbrains.kotlin.types.expressions.ExpressionTypingVisitorDispatcher.getTypeInfo(ExpressionTypingVisitorDispatcher.java:134)
	at org.jetbrains.kotlin.types.expressions.ExpressionTypingServices.getTypeInfo(ExpressionTypingServices.java:126)
	at org.jetbrains.kotlin.resolve.calls.tower.KotlinResolutionCallbacksImpl.analyzeAndGetLambdaReturnArguments(KotlinResolutionCallbacksImpl.kt:231)
	at org.jetbrains.kotlin.resolve.calls.components.PostponedArgumentsAnalyzer.analyzeLambda(PostponedArgumentsAnalyzer.kt:133)
	at org.jetbrains.kotlin.resolve.calls.components.PostponedArgumentsAnalyzer.analyze(PostponedArgumentsAnalyzer.kt:42)
	at org.jetbrains.kotlin.resolve.calls.components.KotlinCallCompleter.runCompletion$lambda$10(KotlinCallCompleter.kt:265)
	at org.jetbrains.kotlin.resolve.calls.inference.components.ConstraintSystemCompletionContext.analyzeNextReadyPostponedArgument(ConstraintSystemCompletionContext.kt:75)
	at org.jetbrains.kotlin.resolve.calls.inference.components.KotlinConstraintSystemCompleter.runCompletion(KotlinConstraintSystemCompleter.kt:149)
	at org.jetbrains.kotlin.resolve.calls.inference.components.KotlinConstraintSystemCompleter.runCompletion(KotlinConstraintSystemCompleter.kt:39)
	at org.jetbrains.kotlin.resolve.calls.components.KotlinCallCompleter.runCompletion(KotlinCallCompleter.kt:255)
	at org.jetbrains.kotlin.resolve.calls.components.KotlinCallCompleter.runCompletion$default(KotlinCallCompleter.kt:246)
	at org.jetbrains.kotlin.resolve.calls.components.KotlinCallCompleter.runCompletion(KotlinCallCompleter.kt:243)
	at org.jetbrains.kotlin.resolve.calls.components.KotlinCallCompleter.runCompletion(KotlinCallCompleter.kt:74)
	at org.jetbrains.kotlin.resolve.calls.KotlinCallResolver.resolveAndCompleteGivenCandidates(KotlinCallResolver.kt:93)
	at org.jetbrains.kotlin.resolve.calls.tower.PSICallResolver.runResolutionAndInferenceForGivenCandidates(PSICallResolver.kt:170)
	at org.jetbrains.kotlin.resolve.calls.CallResolver.doResolveCallOrGetCachedResults(CallResolver.java:608)
	at org.jetbrains.kotlin.resolve.calls.CallResolver.lambda$resolveCallWithKnownCandidate$4(CallResolver.java:585)
	at org.jetbrains.kotlin.util.PerformanceCounter.time(PerformanceCounter.kt:90)
	at org.jetbrains.kotlin.resolve.calls.CallResolver.resolveCallWithKnownCandidate(CallResolver.java:575)
	at org.jetbrains.kotlin.types.expressions.ControlStructureTypingUtils.resolveSpecialConstructionAsCall(ControlStructureTypingUtils.java:167)
	at org.jetbrains.kotlin.types.expressions.ControlStructureTypingUtils.resolveSpecialConstructionAsCall(ControlStructureTypingUtils.java:124)
	at org.jetbrains.kotlin.types.expressions.ControlStructureTypingVisitor.visitIfExpression(ControlStructureTypingVisitor.java:116)
	at org.jetbrains.kotlin.types.expressions.ExpressionTypingVisitorForStatements.visitIfExpression(ExpressionTypingVisitorForStatements.java:576)
	at org.jetbrains.kotlin.types.expressions.ExpressionTypingVisitorForStatements.visitIfExpression(ExpressionTypingVisitorForStatements.java:73)
	at org.jetbrains.kotlin.psi.KtIfExpression.accept(KtIfExpression.java:33)
	at org.jetbrains.kotlin.types.expressions.ExpressionTypingVisitorDispatcher.lambda$getTypeInfo$0(ExpressionTypingVisitorDispatcher.java:175)
	at org.jetbrains.kotlin.util.PerformanceCounter.time(PerformanceCounter.kt:90)
	at org.jetbrains.kotlin.types.expressions.ExpressionTypingVisitorDispatcher.getTypeInfo(ExpressionTypingVisitorDispatcher.java:164)
	at org.jetbrains.kotlin.types.expressions.ExpressionTypingVisitorDispatcher.getTypeInfo(ExpressionTypingVisitorDispatcher.java:147)
	at org.jetbrains.kotlin.types.expressions.ExpressionTypingServices.getTypeOfLastExpressionInBlock(ExpressionTypingServices.java:451)
	at org.jetbrains.kotlin.types.expressions.ExpressionTypingServices.getBlockReturnedTypeWithWritableScope(ExpressionTypingServices.java:328)
	at org.jetbrains.kotlin.types.expressions.ExpressionTypingServices.getBlockReturnedType(ExpressionTypingServices.java:207)
	at org.jetbrains.kotlin.types.expressions.ExpressionTypingServices.getBlockReturnedType(ExpressionTypingServices.java:184)
	at org.jetbrains.kotlin.types.expressions.ExpressionTypingVisitorForStatements.visitBlockExpression(ExpressionTypingVisitorForStatements.java:586)
	at org.jetbrains.kotlin.types.expressions.ExpressionTypingVisitorForStatements.visitBlockExpression(ExpressionTypingVisitorForStatements.java:73)
	at org.jetbrains.kotlin.psi.KtBlockExpression.accept(KtBlockExpression.java:78)
	at org.jetbrains.kotlin.types.expressions.ExpressionTypingVisitorDispatcher.lambda$getTypeInfo$0(ExpressionTypingVisitorDispatcher.java:175)
	at org.jetbrains.kotlin.util.PerformanceCounter.time(PerformanceCounter.kt:90)
	at org.jetbrains.kotlin.types.expressions.ExpressionTypingVisitorDispatcher.getTypeInfo(ExpressionTypingVisitorDispatcher.java:164)
	at org.jetbrains.kotlin.types.expressions.ExpressionTypingVisitorDispatcher.getTypeInfo(ExpressionTypingVisitorDispatcher.java:147)
	at org.jetbrains.kotlin.types.expressions.ExpressionTypingServices.getTypeOfLastExpressionInBlock(ExpressionTypingServices.java:451)
	at org.jetbrains.kotlin.types.expressions.ExpressionTypingServices.getBlockReturnedTypeWithWritableScope(ExpressionTypingServices.java:328)
	at org.jetbrains.kotlin.types.expressions.ControlStructureTypingVisitor.getTypeInfoWhenOnlyOneBranchIsPresent(ControlStructureTypingVisitor.java:216)
	at org.jetbrains.kotlin.types.expressions.ControlStructureTypingVisitor.visitIfExpression(ControlStructureTypingVisitor.java:97)
	at org.jetbrains.kotlin.types.expressions.ExpressionTypingVisitorForStatements.visitIfExpression(ExpressionTypingVisitorForStatements.java:576)
	at org.jetbrains.kotlin.types.expressions.ExpressionTypingVisitorForStatements.visitIfExpression(ExpressionTypingVisitorForStatements.java:73)
	at org.jetbrains.kotlin.psi.KtIfExpression.accept(KtIfExpression.java:33)
	at org.jetbrains.kotlin.types.expressions.ExpressionTypingVisitorDispatcher.lambda$getTypeInfo$0(ExpressionTypingVisitorDispatcher.java:175)
	at org.jetbrains.kotlin.util.PerformanceCounter.time(PerformanceCounter.kt:90)
	at org.jetbrains.kotlin.types.expressions.ExpressionTypingVisitorDispatcher.getTypeInfo(ExpressionTypingVisitorDispatcher.java:164)
	at org.jetbrains.kotlin.types.expressions.ExpressionTypingVisitorDispatcher.getTypeInfo(ExpressionTypingVisitorDispatcher.java:147)
	at org.jetbrains.kotlin.types.expressions.ExpressionTypingServices.getTypeOfLastExpressionInBlock(ExpressionTypingServices.java:451)
	at org.jetbrains.kotlin.types.expressions.ExpressionTypingServices.getBlockReturnedTypeWithWritableScope(ExpressionTypingServices.java:328)
	at org.jetbrains.kotlin.types.expressions.ExpressionTypingServices.getBlockReturnedType(ExpressionTypingServices.java:207)
	at org.jetbrains.kotlin.types.expressions.ExpressionTypingServices.getBlockReturnedType(ExpressionTypingServices.java:184)
	at org.jetbrains.kotlin.types.expressions.ExpressionTypingVisitorForStatements.visitBlockExpression(ExpressionTypingVisitorForStatements.java:586)
	at org.jetbrains.kotlin.types.expressions.ExpressionTypingVisitorForStatements.visitBlockExpression(ExpressionTypingVisitorForStatements.java:73)
	at org.jetbrains.kotlin.psi.KtBlockExpression.accept(KtBlockExpression.java:78)
	at org.jetbrains.kotlin.types.expressions.ExpressionTypingVisitorDispatcher.lambda$getTypeInfo$0(ExpressionTypingVisitorDispatcher.java:175)
	at org.jetbrains.kotlin.util.PerformanceCounter.time(PerformanceCounter.kt:90)
	at org.jetbrains.kotlin.types.expressions.ExpressionTypingVisitorDispatcher.getTypeInfo(ExpressionTypingVisitorDispatcher.java:164)
	at org.jetbrains.kotlin.types.expressions.ExpressionTypingVisitorDispatcher.getTypeInfo(ExpressionTypingVisitorDispatcher.java:147)
	at org.jetbrains.kotlin.types.expressions.ExpressionTypingServices.getTypeOfLastExpressionInBlock(ExpressionTypingServices.java:451)
	at org.jetbrains.kotlin.types.expressions.ExpressionTypingServices.getBlockReturnedTypeWithWritableScope(ExpressionTypingServices.java:328)
	at org.jetbrains.kotlin.types.expressions.ControlStructureTypingVisitor.getTypeInfoWhenOnlyOneBranchIsPresent(ControlStructureTypingVisitor.java:216)
	at org.jetbrains.kotlin.types.expressions.ControlStructureTypingVisitor.visitIfExpression(ControlStructureTypingVisitor.java:97)
	at org.jetbrains.kotlin.types.expressions.ExpressionTypingVisitorForStatements.visitIfExpression(ExpressionTypingVisitorForStatements.java:576)
	at org.jetbrains.kotlin.types.expressions.ExpressionTypingVisitorForStatements.visitIfExpression(ExpressionTypingVisitorForStatements.java:73)
	at org.jetbrains.kotlin.psi.KtIfExpression.accept(KtIfExpression.java:33)
	at org.jetbrains.kotlin.types.expressions.ExpressionTypingVisitorDispatcher.lambda$getTypeInfo$0(ExpressionTypingVisitorDispatcher.java:175)
	at org.jetbrains.kotlin.util.PerformanceCounter.time(PerformanceCounter.kt:90)
	at org.jetbrains.kotlin.types.expressions.ExpressionTypingVisitorDispatcher.getTypeInfo(ExpressionTypingVisitorDispatcher.java:164)
	at org.jetbrains.kotlin.types.expressions.ExpressionTypingVisitorDispatcher.getTypeInfo(ExpressionTypingVisitorDispatcher.java:147)
	at org.jetbrains.kotlin.types.expressions.ExpressionTypingServices.getTypeOfLastExpressionInBlock(ExpressionTypingServices.java:451)
	at org.jetbrains.kotlin.types.expressions.ExpressionTypingServices.getBlockReturnedTypeWithWritableScope(ExpressionTypingServices.java:328)
	at org.jetbrains.kotlin.types.expressions.ExpressionTypingServices.getBlockReturnedType(ExpressionTypingServices.java:207)
	at org.jetbrains.kotlin.types.expressions.ExpressionTypingServices.getBlockReturnedType(ExpressionTypingServices.java:184)
	at org.jetbrains.kotlin.types.expressions.ExpressionTypingVisitorForStatements.visitBlockExpression(ExpressionTypingVisitorForStatements.java:586)
	at org.jetbrains.kotlin.types.expressions.ExpressionTypingVisitorForStatements.visitBlockExpression(ExpressionTypingVisitorForStatements.java:73)
	at org.jetbrains.kotlin.psi.KtBlockExpression.accept(KtBlockExpression.java:78)
	at org.jetbrains.kotlin.types.expressions.ExpressionTypingVisitorDispatcher.lambda$getTypeInfo$0(ExpressionTypingVisitorDispatcher.java:175)
	at org.jetbrains.kotlin.util.PerformanceCounter.time(PerformanceCounter.kt:90)
	at org.jetbrains.kotlin.types.expressions.ExpressionTypingVisitorDispatcher.getTypeInfo(ExpressionTypingVisitorDispatcher.java:164)
	at org.jetbrains.kotlin.types.expressions.ExpressionTypingVisitorDispatcher.getTypeInfo(ExpressionTypingVisitorDispatcher.java:147)
	at org.jetbrains.kotlin.types.expressions.ExpressionTypingServices.checkFunctionReturnType(ExpressionTypingServices.java:179)
	at org.jetbrains.kotlin.types.expressions.ExpressionTypingServices.checkFunctionReturnType(ExpressionTypingServices.java:166)
	at org.jetbrains.kotlin.resolve.BodyResolver.resolveFunctionBody(BodyResolver.java:1054)
	at org.jetbrains.kotlin.resolve.BodyResolver.resolveFunctionBody(BodyResolver.java:997)
	at org.jetbrains.kotlin.resolve.BodyResolver.resolveFunctionBodies(BodyResolver.java:982)
	at org.jetbrains.kotlin.resolve.BodyResolver.resolveBehaviorDeclarationBodies(BodyResolver.java:129)
	at org.jetbrains.kotlin.resolve.BodyResolver.resolveBodies(BodyResolver.java:256)
	at org.jetbrains.kotlin.resolve.LazyTopDownAnalyzer.analyzeDeclarations(LazyTopDownAnalyzer.kt:227)
	at org.jetbrains.kotlin.types.expressions.LocalClassifierAnalyzer.processClassOrObject(LocalClassifierAnalyzer.kt:121)
	at org.jetbrains.kotlin.types.expressions.BasicExpressionTypingVisitor.visitObjectLiteralExpression(BasicExpressionTypingVisitor.java:695)
	at org.jetbrains.kotlin.types.expressions.ExpressionTypingVisitorDispatcher.visitObjectLiteralExpression(ExpressionTypingVisitorDispatcher.java:386)
	at org.jetbrains.kotlin.types.expressions.ExpressionTypingVisitorDispatcher$ForDeclarations.visitObjectLiteralExpression(ExpressionTypingVisitorDispatcher.java:46)
	at org.jetbrains.kotlin.psi.KtObjectLiteralExpression.accept(KtObjectLiteralExpression.java:30)
	at org.jetbrains.kotlin.types.expressions.ExpressionTypingVisitorDispatcher.lambda$getTypeInfo$0(ExpressionTypingVisitorDispatcher.java:175)
	at org.jetbrains.kotlin.util.PerformanceCounter.time(PerformanceCounter.kt:90)
	at org.jetbrains.kotlin.types.expressions.ExpressionTypingVisitorDispatcher.getTypeInfo(ExpressionTypingVisitorDispatcher.java:164)
	at org.jetbrains.kotlin.types.expressions.ExpressionTypingVisitorDispatcher.getTypeInfo(ExpressionTypingVisitorDispatcher.java:134)
	at org.jetbrains.kotlin.types.expressions.ExpressionTypingVisitorDispatcher.getTypeInfo(ExpressionTypingVisitorDispatcher.java:146)
	at org.jetbrains.kotlin.types.expressions.ExpressionTypingServices.getTypeInfo(ExpressionTypingServices.java:121)
	at org.jetbrains.kotlin.types.expressions.ExpressionTypingServices.getTypeInfo(ExpressionTypingServices.java:96)
	at org.jetbrains.kotlin.types.expressions.ExpressionTypingServices.getType(ExpressionTypingServices.java:138)
	at org.jetbrains.kotlin.types.expressions.ExpressionTypingServices.safeGetType(ExpressionTypingServices.java:81)
	at org.jetbrains.kotlin.resolve.VariableTypeAndInitializerResolver.resolveInitializerType(VariableTypeAndInitializerResolver.kt:178)
	at org.jetbrains.kotlin.resolve.VariableTypeAndInitializerResolver.resolveTypeNullable$lambda$1(VariableTypeAndInitializerResolver.kt:94)
	at org.jetbrains.kotlin.storage.LockBasedStorageManager$LockBasedLazyValue.invoke(LockBasedStorageManager.java:408)
	at org.jetbrains.kotlin.storage.LockBasedStorageManager$LockBasedNotNullLazyValue.invoke(LockBasedStorageManager.java:527)
	at org.jetbrains.kotlin.types.DeferredType.getDelegate(DeferredType.java:108)
	at org.jetbrains.kotlin.types.WrappedType.getAttributes(KotlinType.kt:135)
	at org.jetbrains.kotlin.types.KotlinType.getAnnotations(KotlinType.kt:57)
	at org.jetbrains.kotlin.resolve.lazy.ForceResolveUtil.forceResolveAllContents(ForceResolveUtil.java:109)
	at org.jetbrains.kotlin.resolve.lazy.ForceResolveUtil.doForceResolveAllContents(ForceResolveUtil.java:96)
	at org.jetbrains.kotlin.resolve.lazy.ForceResolveUtil.forceResolveAllContents(ForceResolveUtil.java:42)
	at org.jetbrains.kotlin.resolve.lazy.ForceResolveUtil.forceResolveAllContents(ForceResolveUtil.java:52)
	at org.jetbrains.kotlin.resolve.lazy.ForceResolveUtil.forceResolveAllContents(ForceResolveUtil.java:47)
	at org.jetbrains.kotlin.resolve.lazy.descriptors.LazyClassDescriptor.doForceResolveAllContents(LazyClassDescriptor.java:733)
	at org.jetbrains.kotlin.resolve.lazy.descriptors.LazyClassDescriptor.lambda$new$4(LazyClassDescriptor.java:222)
	at org.jetbrains.kotlin.storage.LockBasedStorageManager$LockBasedLazyValue.invoke(LockBasedStorageManager.java:408)
	at org.jetbrains.kotlin.resolve.lazy.descriptors.LazyClassDescriptor.forceResolveAllContents(LazyClassDescriptor.java:721)
	at org.jetbrains.kotlin.resolve.lazy.ForceResolveUtil.doForceResolveAllContents(ForceResolveUtil.java:78)
	at org.jetbrains.kotlin.resolve.lazy.ForceResolveUtil.forceResolveAllContents(ForceResolveUtil.java:42)
	at org.jetbrains.kotlin.resolve.jvm.extensions.PartialAnalysisHandlerExtension.doAnalysis$lambda$0(PartialAnalysisHandlerExtension.kt:73)
	at org.jetbrains.kotlin.resolve.jvm.extensions.PartialAnalysisHandlerExtension.doForEachDeclaration(PartialAnalysisHandlerExtension.kt:126)
	at org.jetbrains.kotlin.resolve.jvm.extensions.PartialAnalysisHandlerExtension.doForEachDeclaration(PartialAnalysisHandlerExtension.kt:141)
	at org.jetbrains.kotlin.resolve.jvm.extensions.PartialAnalysisHandlerExtension.doAnalysis(PartialAnalysisHandlerExtension.kt:68)
	at org.jetbrains.kotlin.kapt3.AbstractKapt3Extension.doAnalysis(Kapt3Extension.kt:130)
	at org.jetbrains.kotlin.cli.jvm.compiler.TopDownAnalyzerFacadeForJVM.analyzeFilesWithJavaIntegration(TopDownAnalyzerFacadeForJVM.kt:112)
	at org.jetbrains.kotlin.cli.jvm.compiler.TopDownAnalyzerFacadeForJVM.analyzeFilesWithJavaIntegration$default(TopDownAnalyzerFacadeForJVM.kt:75)
	at org.jetbrains.kotlin.cli.jvm.compiler.KotlinToJVMBytecodeCompiler.analyze$lambda$12(KotlinToJVMBytecodeCompiler.kt:373)
	at org.jetbrains.kotlin.cli.common.messages.AnalyzerWithCompilerReport.analyzeAndReport(AnalyzerWithCompilerReport.kt:112)
	at org.jetbrains.kotlin.cli.jvm.compiler.KotlinToJVMBytecodeCompiler.analyze(KotlinToJVMBytecodeCompiler.kt:364)
	at org.jetbrains.kotlin.cli.jvm.compiler.KotlinToJVMBytecodeCompiler.runFrontendAndGenerateIrUsingClassicFrontend(KotlinToJVMBytecodeCompiler.kt:195)
	at org.jetbrains.kotlin.cli.jvm.compiler.KotlinToJVMBytecodeCompiler.compileModules$cli(KotlinToJVMBytecodeCompiler.kt:106)
	at org.jetbrains.kotlin.cli.jvm.K2JVMCompiler.doExecute(K2JVMCompiler.kt:170)
	at org.jetbrains.kotlin.cli.jvm.K2JVMCompiler.doExecute(K2JVMCompiler.kt:43)
	at org.jetbrains.kotlin.cli.common.CLICompiler.execImpl(CLICompiler.kt:103)
	at org.jetbrains.kotlin.cli.common.CLICompiler.execImpl(CLICompiler.kt:49)
	at org.jetbrains.kotlin.cli.common.CLITool.exec(CLITool.kt:101)
	at org.jetbrains.kotlin.incremental.IncrementalJvmCompilerRunner.runCompiler(IncrementalJvmCompilerRunner.kt:464)
	at org.jetbrains.kotlin.incremental.IncrementalJvmCompilerRunner.runCompiler(IncrementalJvmCompilerRunner.kt:73)
	at org.jetbrains.kotlin.incremental.IncrementalCompilerRunner.doCompile(IncrementalCompilerRunner.kt:506)
	at org.jetbrains.kotlin.incremental.IncrementalCompilerRunner.compileImpl(IncrementalCompilerRunner.kt:423)
	at org.jetbrains.kotlin.incremental.IncrementalCompilerRunner.tryCompileIncrementally$lambda$9$compile(IncrementalCompilerRunner.kt:249)
	at org.jetbrains.kotlin.incremental.IncrementalCompilerRunner.tryCompileIncrementally(IncrementalCompilerRunner.kt:267)
	at org.jetbrains.kotlin.incremental.IncrementalCompilerRunner.compile(IncrementalCompilerRunner.kt:120)
	at org.jetbrains.kotlin.daemon.CompileServiceImplBase.execIncrementalCompiler(CompileServiceImpl.kt:675)
	at org.jetbrains.kotlin.daemon.CompileServiceImplBase.access$execIncrementalCompiler(CompileServiceImpl.kt:92)
	at org.jetbrains.kotlin.daemon.CompileServiceImpl.compile(CompileServiceImpl.kt:1660)
	at java.base/jdk.internal.reflect.DirectMethodHandleAccessor.invoke(Unknown Source)
	at java.base/java.lang.reflect.Method.invoke(Unknown Source)
	at java.rmi/sun.rmi.server.UnicastServerRef.dispatch(Unknown Source)
	at java.rmi/sun.rmi.transport.Transport$1.run(Unknown Source)
	at java.rmi/sun.rmi.transport.Transport$1.run(Unknown Source)
	at java.base/java.security.AccessController.doPrivileged(Unknown Source)
	at java.rmi/sun.rmi.transport.Transport.serviceCall(Unknown Source)
	at java.rmi/sun.rmi.transport.tcp.TCPTransport.handleMessages(Unknown Source)
	at java.rmi/sun.rmi.transport.tcp.TCPTransport$ConnectionHandler.run0(Unknown Source)
	at java.rmi/sun.rmi.transport.tcp.TCPTransport$ConnectionHandler.lambda$run$0(Unknown Source)
	at java.base/java.security.AccessController.doPrivileged(Unknown Source)
	at java.rmi/sun.rmi.transport.tcp.TCPTransport$ConnectionHandler.run(Unknown Source)
	at java.base/java.util.concurrent.ThreadPoolExecutor.runWorker(Unknown Source)
	at java.base/java.util.concurrent.ThreadPoolExecutor$Worker.run(Unknown Source)
	at java.base/java.lang.Thread.run(Unknown Source)
Caused by: java.lang.IllegalStateException: NO_EXPECTED_TYPE
	at org.jetbrains.kotlin.types.TypeUtils$SpecialType.getDelegate(TypeUtils.java:50)
	at org.jetbrains.kotlin.types.DelegatingSimpleType.getConstructor(SpecialTypes.kt:32)
	at org.jetbrains.kotlin.types.checker.KotlinTypePreparator.transformToNewType(KotlinTypePreparator.kt:19)
	at org.jetbrains.kotlin.types.checker.KotlinTypePreparator.prepareType(KotlinTypePreparator.kt:61)
	at org.jetbrains.kotlin.types.checker.KotlinTypePreparator.prepareType(KotlinTypePreparator.kt:16)
	at org.jetbrains.kotlin.types.TypeCheckerState.prepareType(AbstractTypeChecker.kt:38)
	at org.jetbrains.kotlin.types.AbstractTypeChecker.completeIsSubTypeOf(AbstractTypeChecker.kt:287)
	at org.jetbrains.kotlin.types.AbstractTypeChecker.isSubtypeOf(AbstractTypeChecker.kt:257)
	at org.jetbrains.kotlin.types.AbstractTypeChecker.isSubtypeOf$default(AbstractTypeChecker.kt:246)
	at org.jetbrains.kotlin.types.AbstractTypeChecker.isSubtypeForSameConstructor(AbstractTypeChecker.kt:503)
	at org.jetbrains.kotlin.types.AbstractTypeChecker.isSubtypeOfForSingleClassifierType(AbstractTypeChecker.kt:406)
	at org.jetbrains.kotlin.types.AbstractTypeChecker.completeIsSubTypeOf(AbstractTypeChecker.kt:297)
	at org.jetbrains.kotlin.types.AbstractTypeChecker.isSubtypeOf(AbstractTypeChecker.kt:257)
	at org.jetbrains.kotlin.types.AbstractTypeChecker.isSubtypeOf$default(AbstractTypeChecker.kt:246)
	at org.jetbrains.kotlin.types.checker.NewKotlinTypeCheckerImpl.isSubtypeOf(NewKotlinTypeChecker.kt:99)
	at org.jetbrains.kotlin.types.checker.NewKotlinTypeCheckerImpl.isSubtypeOf(NewKotlinTypeChecker.kt:87)
	at org.jetbrains.kotlin.types.expressions.DataFlowAnalyzer.checkTypeInternal(DataFlowAnalyzer.java:299)
	at org.jetbrains.kotlin.types.expressions.DataFlowAnalyzer.checkType(DataFlowAnalyzer.java:351)
	at org.jetbrains.kotlin.types.expressions.DataFlowAnalyzer.checkType(DataFlowAnalyzer.java:267)
	at org.jetbrains.kotlin.types.expressions.BasicExpressionTypingVisitor.visitAnnotatedExpression(BasicExpressionTypingVisitor.java:1658)
	at org.jetbrains.kotlin.types.expressions.ExpressionTypingVisitorForStatements.visitAnnotatedExpression(ExpressionTypingVisitorForStatements.java:571)
	at org.jetbrains.kotlin.types.expressions.ExpressionTypingVisitorForStatements.visitAnnotatedExpression(ExpressionTypingVisitorForStatements.java:73)
	at org.jetbrains.kotlin.psi.KtAnnotatedExpression.accept(KtAnnotatedExpression.java:34)
	at org.jetbrains.kotlin.types.expressions.ExpressionTypingVisitorDispatcher.lambda$getTypeInfo$0(ExpressionTypingVisitorDispatcher.java:175)
	... 180 more


